[
 {
  "Arn": "arn:aws:iam::526954929923:user/system/loadbalancer",
  "ForceDestroy": false,
  "Id": "loadbalancer",
  "Name": "loadbalancer",
  "Path": "/system/",
  "PermissionsBoundary": null,
  "Tags": {},
  "UniqueId": "AIDAXVMHWD4B7BHWL7YKF"
 },
 {
  "Arn": "arn:aws:iam::526954929923:user/system/loadbalancer3",
  "ForceDestroy": false,
  "Id": "loadbalancer3",
  "Name": "loadbalancer3",
  "Path": "/system/",
  "PermissionsBoundary": null,
  "Tags": {},
  "UniqueId": "AIDAXVMHWD4BUICVKAIIT"
 },
 {
  "Arn": "arn:aws:iam::526954929923:user/system/loadbalancer2",
  "ForceDestroy": false,
  "Id": "loadbalancer2",
  "Name": "loadbalancer2",
  "Path": "/system/",
  "PermissionsBoundary": null,
  "Tags": {},
  "UniqueId": "AIDAXVMHWD4BTVLVQM236"
 },
 {
  "Groups": null,
  "Id": "loadbalancer-arn:aws:iam::526954929923:policy/test2",
  "Name": "loadbalancer-2020111317225517310000000a",
  "PolicyArn": "arn:aws:iam::526954929923:policy/test2",
  "Roles": [],
  "Users": [
   "loadbalancer"
  ]
 },
 {
  "Groups": null,
  "Id": "loadbalancer3-arn:aws:iam::526954929923:policy/test",
  "Name": "loadbalancer3-2020111317225590250000000c",
  "PolicyArn": "arn:aws:iam::526954929923:policy/test",
  "Roles": [],
  "Users": [
   "loadbalancer3"
  ]
 },
 {
  "Groups": null,
  "Id": "loadbalancer3-arn:aws:iam::526954929923:policy/test2",
  "Name": "loadbalancer3-20201113172255118300000007",
  "PolicyArn": "arn:aws:iam::526954929923:policy/test2",
  "Roles": [],
  "Users": [
   "loadbalancer3"
  ]
 },
 {
  "Groups": null,
  "Id": "loadbalancer-arn:aws:iam::526954929923:policy/test",
  "Name": "loadbalancer-20201113172255158500000009",
  "PolicyArn": "arn:aws:iam::526954929923:policy/test",
  "Roles": [],
  "Users": [
   "loadbalancer"
  ]
 },
 {
  "Groups": null,
  "Id": "loadbalancer3-arn:aws:iam::526954929923:policy/test3",
  "Name": "loadbalancer3-20201113172254986500000006",
  "PolicyArn": "arn:aws:iam::526954929923:policy/test3",
  "Roles": [],
  "Users": [
   "loadbalancer3"
  ]
 },
 {
  "Groups": null,
  "Id": "loadbalancer-arn:aws:iam::526954929923:policy/test3",
  "Name": "loadbalancer-20201113172254928300000005",
  "PolicyArn": "arn:aws:iam::526954929923:policy/test3",
  "Roles": [],
  "Users": [
   "loadbalancer"
  ]
 },
 {
  "Groups": null,
  "Id": "loadbalancer2-arn:aws:iam::526954929923:policy/test",
  "Name": "loadbalancer2-2020111317225587220000000b",
  "PolicyArn": "arn:aws:iam::526954929923:policy/test",
  "Roles": [],
  "Users": [
   "loadbalancer2"
  ]
 },
 {
  "Groups": null,
  "Id": "loadbalancer2-arn:aws:iam::526954929923:policy/test2",
  "Name": "loadbalancer2-20201113172255122400000008",
  "PolicyArn": "arn:aws:iam::526954929923:policy/test2",
  "Roles": [],
  "Users": [
   "loadbalancer2"
  ]
 },
 {
  "Groups": null,
  "Id": "loadbalancer2-arn:aws:iam::526954929923:policy/test3",
  "Name": "loadbalancer2-20201113172254923500000004",
  "PolicyArn": "arn:aws:iam::526954929923:policy/test3",
  "Roles": [],
  "Users": [
   "loadbalancer2"
  ]
 },
 {
  "EncryptedSecret": null,
  "Id": "AKIAXVMHWD4BZZ46XCIU",
  "KeyFingerprint": null,
  "PgpKey": null,
  "Secret": null,
  "SesSmtpPasswordV4": null,
  "Status": "Active",
  "User": "loadbalancer2"
 },
 {
  "EncryptedSecret": null,
  "Id": "AKIAXVMHWD4BYCOUMTPB",
  "KeyFingerprint": null,
  "PgpKey": null,
  "Secret": null,
  "SesSmtpPasswordV4": null,
  "Status": "Active",
  "User": "loadbalancer"
 },
 {
  "EncryptedSecret": null,
  "Id": "AKIAXVMHWD4BQM7NGPEU",
  "KeyFingerprint": null,
  "PgpKey": null,
  "Secret": null,
  "SesSmtpPasswordV4": null,
  "Status": "Active",
  "User": "loadbalancer3"
 },
 {
  "Arn": "arn:aws:iam::526954929923:policy/test3",
  "Description": "",
  "Id": "arn:aws:iam::526954929923:policy/test3",
  "Name": "test3",
  "NamePrefix": null,
  "Path": "/",
  "Policy": "{\"Statement\":[{\"Action\":[\"ec2:Describe*\"],\"Effect\":\"Allow\",\"Resource\":\"*\"}],\"Version\":\"2012-10-17\"}"
 },
 {
  "Arn": "arn:aws:iam::526954929923:policy/test",
  "Description": "",
  "Id": "arn:aws:iam::526954929923:policy/test",
  "Name": "test",
  "NamePrefix": null,
  "Path": "/",
  "Policy": "{\"Statement\":[{\"Action\":[\"ec2:Describe*\"],\"Effect\":\"Allow\",\"Resource\":\"*\"}],\"Version\":\"2012-10-17\"}"
 },
 {
  "Arn": "arn:aws:iam::526954929923:policy/test2",
  "Description": "",
  "Id": "arn:aws:iam::526954929923:policy/test2",
  "Name": "test2",
  "NamePrefix": null,
  "Path": "/",
  "Policy": "{\"Statement\":[{\"Action\":[\"ec2:Describe*\"],\"Effect\":\"Allow\",\"Resource\":\"*\"}],\"Version\":\"2012-10-17\"}"
 },
 {
  "Arn": "arn:aws:iam::526954929923:policy/test4",
  "Description": "",
  "Id": "arn:aws:iam::526954929923:policy/test4",
  "Name": "test4",
  "NamePrefix": null,
  "Path": "/",
  "Policy": "{\"Statement\":[{\"Action\":[\"ec2:Describe*\"],\"Effect\":\"Allow\",\"Resource\":\"*\"}],\"Version\":\"2012-10-17\"}"
 },
 {
  "Groups": null,
  "Id": "test-attachment",
  "Name": "test-attachment",
  "PolicyArn": "arn:aws:iam::526954929923:policy/test4",
  "Roles": [],
  "Users": [
   "loadbalancer",
   "loadbalancer2"
  ]
 }
]