{
 "Typ": "WyJvYmplY3QiLHsiYXJuIjoic3RyaW5nIiwiYXNzb2NpYXRlX3B1YmxpY19pcF9hZGRyZXNzIjoiYm9vbCIsImVic19ibG9ja19kZXZpY2UiOlsic2V0IixbIm9iamVjdCIseyJkZWxldGVfb25fdGVybWluYXRpb24iOiJib29sIiwiZGV2aWNlX25hbWUiOiJzdHJpbmciLCJlbmNyeXB0ZWQiOiJib29sIiwiaW9wcyI6Im51bWJlciIsIm5vX2RldmljZSI6ImJvb2wiLCJzbmFwc2hvdF9pZCI6InN0cmluZyIsInZvbHVtZV9zaXplIjoibnVtYmVyIiwidm9sdW1lX3R5cGUiOiJzdHJpbmcifV1dLCJlYnNfb3B0aW1pemVkIjoiYm9vbCIsImVuYWJsZV9tb25pdG9yaW5nIjoiYm9vbCIsImVwaGVtZXJhbF9ibG9ja19kZXZpY2UiOlsic2V0IixbIm9iamVjdCIseyJkZXZpY2VfbmFtZSI6InN0cmluZyIsInZpcnR1YWxfbmFtZSI6InN0cmluZyJ9XV0sImlhbV9pbnN0YW5jZV9wcm9maWxlIjoic3RyaW5nIiwiaWQiOiJzdHJpbmciLCJpbWFnZV9pZCI6InN0cmluZyIsImluc3RhbmNlX3R5cGUiOiJzdHJpbmciLCJrZXlfbmFtZSI6InN0cmluZyIsIm5hbWUiOiJzdHJpbmciLCJuYW1lX3ByZWZpeCI6InN0cmluZyIsInBsYWNlbWVudF90ZW5hbmN5Ijoic3RyaW5nIiwicm9vdF9ibG9ja19kZXZpY2UiOlsibGlzdCIsWyJvYmplY3QiLHsiZGVsZXRlX29uX3Rlcm1pbmF0aW9uIjoiYm9vbCIsImVuY3J5cHRlZCI6ImJvb2wiLCJpb3BzIjoibnVtYmVyIiwidm9sdW1lX3NpemUiOiJudW1iZXIiLCJ2b2x1bWVfdHlwZSI6InN0cmluZyJ9XV0sInNlY3VyaXR5X2dyb3VwcyI6WyJzZXQiLCJzdHJpbmciXSwic3BvdF9wcmljZSI6InN0cmluZyIsInVzZXJfZGF0YSI6InN0cmluZyIsInVzZXJfZGF0YV9iYXNlNjQiOiJzdHJpbmciLCJ2cGNfY2xhc3NpY19saW5rX2lkIjoic3RyaW5nIiwidnBjX2NsYXNzaWNfbGlua19zZWN1cml0eV9ncm91cHMiOlsic2V0Iiwic3RyaW5nIl19XQ==",
 "Val": "eyJhcm4iOiJhcm46YXdzOmF1dG9zY2FsaW5nOnVzLWVhc3QtMTo1MzM5NDgxMjQ4Nzk6bGF1bmNoQ29uZmlndXJhdGlvbjo2YzZmN2I0Zi05MDA5LTQxZjQtYmZiZi0yZTJjMzczMjFiZmY6bGF1bmNoQ29uZmlndXJhdGlvbk5hbWUvd2ViX2NvbmZpZ18xIiwiYXNzb2NpYXRlX3B1YmxpY19pcF9hZGRyZXNzIjpmYWxzZSwiZWJzX2Jsb2NrX2RldmljZSI6W10sImVic19vcHRpbWl6ZWQiOmZhbHNlLCJlbmFibGVfbW9uaXRvcmluZyI6dHJ1ZSwiZXBoZW1lcmFsX2Jsb2NrX2RldmljZSI6W10sImlhbV9pbnN0YW5jZV9wcm9maWxlIjoiIiwiaWQiOiJ3ZWJfY29uZmlnXzEiLCJpbWFnZV9pZCI6ImFtaS0wMjJkNDI0OTM4MjMwOWE0OCIsImluc3RhbmNlX3R5cGUiOiJ0My5taWNybyIsImtleV9uYW1lIjoiIiwibmFtZSI6IndlYl9jb25maWdfMSIsIm5hbWVfcHJlZml4IjpudWxsLCJwbGFjZW1lbnRfdGVuYW5jeSI6bnVsbCwicm9vdF9ibG9ja19kZXZpY2UiOltdLCJzZWN1cml0eV9ncm91cHMiOltdLCJzcG90X3ByaWNlIjoiIiwidXNlcl9kYXRhIjpudWxsLCJ1c2VyX2RhdGFfYmFzZTY0IjpudWxsLCJ2cGNfY2xhc3NpY19saW5rX2lkIjoiIiwidnBjX2NsYXNzaWNfbGlua19zZWN1cml0eV9ncm91cHMiOltdfQ==",
 "Err": null
}