[
 {
  "arn": "arn:aws:autoscaling:us-east-1:533948124879:launchConfiguration:68a3adcb-e21b-41d4-ae8b-72438e545169:launchConfigurationName/web_config_2",
  "associate_public_ip_address": false,
  "ebs_block_device": null,
  "ebs_optimized": false,
  "enable_monitoring": true,
  "ephemeral_block_device": null,
  "iam_instance_profile": "",
  "id": "web_config_2",
  "image_id": "ami-022d4249382309a48",
  "instance_type": "t3.micro",
  "key_name": "",
  "name": "web_config_2",
  "name_prefix": null,
  "placement_tenancy": null,
  "root_block_device": null,
  "security_groups": null,
  "spot_price": "",
  "user_data": null,
  "user_data_base64": null,
  "vpc_classic_link_id": "",
  "vpc_classic_link_security_groups": null
 },
 {
  "arn": "arn:aws:autoscaling:us-east-1:533948124879:launchConfiguration:6c6f7b4f-9009-41f4-bfbf-2e2c37321bff:launchConfigurationName/web_config_1",
  "associate_public_ip_address": false,
  "ebs_block_device": null,
  "ebs_optimized": false,
  "enable_monitoring": true,
  "ephemeral_block_device": null,
  "iam_instance_profile": "",
  "id": "web_config_1",
  "image_id": "ami-022d4249382309a48",
  "instance_type": "t3.micro",
  "key_name": "",
  "name": "web_config_1",
  "name_prefix": null,
  "placement_tenancy": null,
  "root_block_device": null,
  "security_groups": null,
  "spot_price": "",
  "user_data": null,
  "user_data_base64": null,
  "vpc_classic_link_id": "",
  "vpc_classic_link_security_groups": null
 }
]